$ next build
▲ Next.js 16.2.11 (Turbopack)

  Creating an optimized production build ...
✓ Compiled successfully in 2.9s
  Running TypeScript ...
  Finished TypeScript in 5.2s ...
  Collecting page data using 7 workers ...
  Generating static pages using 7 workers (0/5) ...
  Generating static pages using 7 workers (1/5) 
  Generating static pages using 7 workers (2/5) 
  Generating static pages using 7 workers (3/5) 
✓ Generating static pages using 7 workers (5/5) in 104ms
  Finalizing page optimization ...

Route (app)
┌ ƒ /
├ ƒ /_not-found
├ ƒ /api/app/[...path]
├ ƒ /api/cron/daily
├ ƒ /api/cron/v2-workers
├ ƒ /api/line/webhook
├ ƒ /api/version
└ ƒ /invite


ƒ Proxy (Middleware)

ƒ  (Dynamic)  server-rendered on demand

