$ playwright test

[WebServer] (node:7325) Warning: The 'NO_COLOR' env is ignored due to the 'FORCE_COLOR' env being set.
[WebServer] (Use `pnpm --trace-warnings ...` to show where the warning was created)

[WebServer] (node:7331) Warning: The 'NO_COLOR' env is ignored due to the 'FORCE_COLOR' env being set.
[WebServer] (Use `node --trace-warnings ...` to show where the warning was created)

[WebServer] (node:7346) Warning: The 'NO_COLOR' env is ignored due to the 'FORCE_COLOR' env being set.
[WebServer] (Use `node --trace-warnings ...` to show where the warning was created)

[WebServer] (node:7385) Warning: The 'NO_COLOR' env is ignored due to the 'FORCE_COLOR' env being set.
[WebServer] (Use `node --trace-warnings ...` to show where the warning was created)

Running 568 tests using 4 workers


(node:7393) Warning: The 'NO_COLOR' env is ignored due to the 'FORCE_COLOR' env being set.
(Use `node --trace-warnings ...` to show where the warning was created)


(node:7394) Warning: The 'NO_COLOR' env is ignored due to the 'FORCE_COLOR' env being set.
(Use `node --trace-warnings ...` to show where the warning was created)


(node:7395) Warning: The 'NO_COLOR' env is ignored due to the 'FORCE_COLOR' env being set.
(Use `node --trace-warnings ...` to show where the warning was created)


(node:7392) Warning: The 'NO_COLOR' env is ignored due to the 'FORCE_COLOR' env being set.
(Use `node --trace-warnings ...` to show where the warning was created)

[1/568] [chromium-iphone] › tests/p1-c-races.spec.ts:7:5 › native push and replace remain observable and preserve unrelated and Next state
[2/568] [chromium-iphone] › tests/p1-c-navigation.spec.ts:14:5 › 01 normal launch replaces current URL with explicit canonical Ledger
[3/568] [chromium-iphone] › tests/p2-b-identity.spec.ts:22:5 › name is the single Home identity; switch A B A reuses canonical scope
[4/568] [chromium-iphone] › tests/p1-b-entry.spec.ts:25:5 › normal create commits row, balance and next payer together without a bootstrap refresh
[5/568] [chromium-iphone] › tests/p1-c-navigation.spec.ts:15:5 › 02 explicit B deep link reads only B
[6/568] [chromium-iphone] › tests/p1-c-races.spec.ts:22:5 › LIFF redirect parameters are untouched until init resolves
[7/568] [chromium-iphone] › tests/p1-b-entry.spec.ts:39:5 › double tap owns one operation and guards switching while submitting
[8/568] [chromium-iphone] › tests/p2-b-identity.spec.ts:52:5 › deep-link viewed B and LINE default A remain distinct and selected is announced
[9/568] [chromium-iphone] › tests/p1-c-races.spec.ts:37:5 › delayed deep-link B cannot pull a subsequent manual A selection back
[10/568] [chromium-iphone] › tests/p1-c-navigation.spec.ts:16:130 › 03 nonexistent explicit target offers bounded recovery
[11/568] [chromium-iphone] › tests/p2-b-identity.spec.ts:65:5 › activation syncing and failure stay bounded while B remains readable
[12/568] [chromium-iphone] › tests/p1-c-races.spec.ts:46:42 › A-B-A late first A bootstrap success cannot overwrite new A
[13/568] [chromium-iphone] › tests/p1-b-entry.spec.ts:54:5 › commit then dropped response reloads UNKNOWN and explicit replay returns original result with identical body/key
[14/568] [chromium-iphone] › tests/p1-c-navigation.spec.ts:16:130 › 04 unauthorized explicit target offers bounded recovery
[15/568] [chromium-iphone] › tests/p2-b-identity.spec.ts:87:39 › 40 character identities stay complete and wrap at 100% text
[16/568] [chromium-iphone] › tests/p1-c-races.spec.ts:46:42 › A-B-A late first A bootstrap failure cannot overwrite new A
[17/568] [chromium-iphone] › tests/p1-c-navigation.spec.ts:17:5 › 05 invalid explicit B never paints A content
[18/568] [chromium-iphone] › tests/p1-b-entry.spec.ts:72:5 › compatible partial commit plus GET 500 stays COMMITTED, including reload and read-only retry
[19/568] [chromium-iphone] › tests/p1-c-navigation.spec.ts:18:5 › 06 transaction with correct Ledger reconstructs and focuses detail
[20/568] [chromium-iphone] › tests/p1-c-races.spec.ts:61:7 › A-B-A late categories success stays in its generation
[21/568] [chromium-iphone] › tests/p2-b-identity.spec.ts:87:39 › 40 character identities stay complete and wrap at 200% text
[22/568] [chromium-iphone] › tests/p1-c-navigation.spec.ts:19:5 › 07 transaction with wrong Ledger shows link error without guessing another Ledger
[23/568] [chromium-iphone] › tests/p1-b-entry.spec.ts:83:63 › malformed 2xx cannot claim success
[24/568] [chromium-iphone] › tests/p1-c-navigation.spec.ts:20:5 › 08 transaction without Ledger does not scan for ownership
[25/568] [chromium-iphone] › tests/p1-c-races.spec.ts:61:7 › A-B-A late categories failure stays in its generation
[26/568] [chromium-iphone] › tests/p1-c-navigation.spec.ts:21:5 › 09 app row pushes detail and Back restores row focus
[27/568] [chromium-iphone] › tests/p2-b-identity.spec.ts:115:5 › 40 unbroken Latin characters wrap without horizontal scroll at 200%
[28/568] [chromium-iphone] › tests/p1-b-entry.spec.ts:83:63 › wrong-scope 2xx cannot claim success
[29/568] [chromium-iphone] › tests/p1-c-races.spec.ts:61:7 › A-B-A late recurring success stays in its generation
[30/568] [chromium-iphone] › tests/p1-c-navigation.spec.ts:22:5 › 10 direct detail visible Back replaces to Home without leaving product
[31/568] [chromium-iphone] › tests/p1-b-entry.spec.ts:89:5 › storage unavailable or incorrect read-back prevents POST and keeps editing
[32/568] [chromium-iphone] › tests/p2-b-identity.spec.ts:125:5 › keyboard enters titled dialog, moves options without writes, selects and returns focus
[33/568] [chromium-iphone] › tests/p1-c-races.spec.ts:61:7 › A-B-A late recurring failure stays in its generation
[34/568] [chromium-iphone] › tests/p1-c-navigation.spec.ts:23:5 › 11 reload detail preserves URL and drops stale app origin
[35/568] [chromium-iphone] › tests/p1-b-entry.spec.ts:98:5 › recovery identity mismatch reveals no stored financial content and cannot replay
[36/568] [chromium-iphone] › tests/p2-b-identity.spec.ts:148:5 › create cancel returns to the same switcher and never changes scope or history
[37/568] [chromium-iphone] › tests/p1-c-races.spec.ts:61:7 › A-B-A late statistics success stays in its generation
[38/568] [chromium-iphone] › tests/p1-c-navigation.spec.ts:24:95 › 12 收支概況 push reload deterministic Back
[39/568] [chromium-iphone] › tests/p1-b-entry.spec.ts:108:5 › recovery couple mismatch cannot hydrate even when actor and ledger IDs match
[40/568] [chromium-iphone] › tests/p1-c-races.spec.ts:61:7 › A-B-A late statistics failure stays in its generation
[41/568] [chromium-iphone] › tests/p2-b-identity.spec.ts:168:40 › create success accepts new name and scope from switcher
[42/568] [chromium-iphone] › tests/p1-c-navigation.spec.ts:24:95 › 13 帳本設定 push reload deterministic Back
[43/568] [chromium-iphone] › tests/p1-b-entry.spec.ts:115:5 › Ledger A recovery takes priority over URL B without activating or moving a write to B
[44/568] [chromium-iphone] › tests/p1-c-races.spec.ts:61:7 › A-B-A late history success stays in its generation
[45/568] [chromium-iphone] › tests/p2-b-identity.spec.ts:168:40 › create success accepts new name and scope from empty list
[46/568] [chromium-iphone] › tests/p1-c-navigation.spec.ts:25:5 › 14 recurring URL reconstructs secondary surface
[47/568] [chromium-iphone] › tests/p1-c-races.spec.ts:61:7 › A-B-A late history failure stays in its generation
[48/568] [chromium-iphone] › tests/p1-b-entry.spec.ts:129:5 › unknown followed by 401 remains unknown with original operation
[49/568] [chromium-iphone] › tests/p2-b-identity.spec.ts:189:5 › empty list cancel returns to one clear create entry
[50/568] [chromium-iphone] › tests/p1-c-navigation.spec.ts:26:5 › 15 Search pushes URL and Back returns Home
[51/568] [chromium-iphone] › tests/p1-b-entry.spec.ts:138:5 › authorized A recovery remains available when the linked Ledger no longer exists
[52/568] [chromium-iphone] › tests/p2-b-identity.spec.ts:202:5 › archived-only list has no broken identity trigger
[53/568] [chromium-iphone] › tests/p1-c-races.spec.ts:91:5 › same-ledger Detail identity change cannot reuse previous attachments
[54/568] [chromium-iphone] › tests/p2-b-identity.spec.ts:210:5 › create rejection preserves name and scope; cancelled retry writes nothing
[55/568] [chromium-iphone] › tests/p1-c-navigation.spec.ts:27:5 › 16 manual A to B replaces Home and focuses accepted Ledger
[56/568] [chromium-iphone] › tests/p1-c-races.spec.ts:101:5 › search failure is visible on Search and absent after leaving its scope
[57/568] [chromium-iphone] › tests/p1-b-entry.spec.ts:151:5 › an actor change in the existing document is detected before replay POST
[58/568] [chromium-iphone] › tests/p1-c-navigation.spec.ts:28:5 › 17 A to B to A is generation safe for queued preference
[59/568] [chromium-iphone] › tests/p2-b-identity.spec.ts:223:5 › create is single flight and keeps its only dialog until response
[60/568] [chromium-iphone] › tests/p1-c-races.spec.ts:110:5 › same-ledger proposal compatibility responses stay with their proposal id
[61/568] [chromium-iphone] › tests/p1-b-entry.spec.ts:160:5 › a new authorization failure hides cached financial content without discarding commit proof
[62/568] [chromium-iphone] › tests/p1-c-navigation.spec.ts:29:77 › 18 late A bootstrap success cannot update B
[63/568] [chromium-iphone] › tests/p1-c-races.spec.ts:122:52 › popstate while SUBMITTING keeps original scope and sends no destination request
[64/568] [chromium-iphone] › tests/p1-b-entry.spec.ts:171:5 › timeout after dispatch becomes unknown and preserves the exact recovery operation

(node:7992) Warning: The 'NO_COLOR' env is ignored due to the 'FORCE_COLOR' env being set.
(Use `node --trace-warnings ...` to show where the warning was created)

[65/568] [chromium-iphone] › tests/v2-liff.spec.ts:228:5 › P1-A keeps the native transaction date fully readable at mobile widths and enlarged text
[66/568] [chromium-iphone] › tests/p1-c-navigation.spec.ts:29:77 › 19 late A bootstrap failure cannot update B
[67/568] [chromium-iphone] › tests/p1-c-races.spec.ts:122:52 › popstate while UNKNOWN keeps original scope and sends no destination request
[68/568] [chromium-iphone] › tests/p1-b-entry.spec.ts:181:5 › correction drop-response reload replay retains original replacement and expected version
[69/568] [chromium-iphone] › tests/p1-c-navigation.spec.ts:30:5 › 20 activation failure keeps B readable and retry touches preference only
[70/568] [chromium-iphone] › tests/p1-c-races.spec.ts:139:5 › late refresh and background resume do not steal editing focus
[71/568] [chromium-iphone] › tests/v2-liff.spec.ts:321:5 › uses the V2 startup request budget
[72/568] [chromium-iphone] › tests/p1-c-races.spec.ts:150:49 › 收支概況 Back restores Home scroll; reload resets it
[73/568] [chromium-iphone] › tests/p1-c-navigation.spec.ts:31:5 › 21 deep link B has NOT-SENT activate evidence
[74/568] [chromium-iphone] › tests/p1-b-entry.spec.ts:192:5 › first rejection preserves editable draft and unchanged retry reuses the key
[75/568] [chromium-iphone] › tests/v2-liff.spec.ts:332:5 › P1-A restores zoom and keeps primary controls readable and tappable
[76/568] [chromium-iphone] › tests/p1-c-navigation.spec.ts:32:5 › 22 explicit Switcher B sends preference activation once
[77/568] [chromium-iphone] › tests/p1-b-entry.spec.ts:201:5 › one create/correction draft requires explicit keep or discard
[78/568] [chromium-iphone] › tests/p1-c-races.spec.ts:150:49 › 帳本設定 Back restores Home scroll; reload resets it
[79/568] [chromium-iphone] › tests/p1-c-navigation.spec.ts:33:5 › 23 initial draft switches without confirmation and receives fresh defaults
[80/568] [chromium-iphone] › tests/v2-liff.spec.ts:419:5 › P1-A keeps keyboard focus visible and honors reduced motion
[81/568] [chromium-iphone] › tests/p1-b-entry.spec.ts:213:5 › creating a Ledger after discarding A opens a usable draft in the new Ledger
[82/568] [chromium-iphone] › tests/p1-c-navigation.spec.ts:34:5 › 24 amount-only dirty cancel preserves value focus URL and NOT-SENT activation
[83/568] [chromium-iphone] › tests/p1-c-races.spec.ts:150:49 › 搜尋 Back restores Home scroll; reload resets it
[84/568] [chromium-iphone] › tests/v2-liff.spec.ts:450:5 › P1-A keeps long Ledger names and large TWD balances reachable at 200% text size
[85/568] [chromium-iphone] › tests/p1-b-entry.spec.ts:238:45 › correction success preserves commit when refresh succeeds
[86/568] [chromium-iphone] › tests/p1-c-navigation.spec.ts:35:5 › 25 amount-only discard accepts B exactly once
[87/568] [chromium-iphone] › tests/v2-liff.spec.ts:473:5 › loads statistics and recurring rules only when their secondary UI is opened
[88/568] [chromium-iphone] › tests/p1-c-races.spec.ts:163:47 › unsaved setting 新增自訂分類 shares the leave host and preserves focus on cancel
[89/568] [chromium-iphone] › tests/p1-b-entry.spec.ts:238:45 › correction success preserves commit when refresh fails
[90/568] [chromium-iphone] › tests/p1-c-navigation.spec.ts:36:5 › 26 description dirty is guarded and semantic reversion becomes clean
[91/568] [chromium-iphone] › tests/v2-liff.spec.ts:480:5 › shows server-confirmed saving and success feedback without waiting for history reload
[92/568] [chromium-iphone] › tests/p1-c-races.spec.ts:163:47 › unsaved setting 週期交易名稱 shares the leave host and preserves focus on cancel
[93/568] [chromium-iphone] › tests/v2-liff.spec.ts:504:5 › keeps uncommon transaction choices behind more settings
[94/568] [chromium-iphone] › tests/p1-c-navigation.spec.ts:37:5 › 27 advanced-field-only note is dirty with empty amount and retains focus
[95/568] [chromium-iphone] › tests/p1-b-entry.spec.ts:251:5 › a stale posted receipt cannot downgrade balance/next payer or resurrect a later void
[96/568] [chromium-iphone] › tests/p1-c-races.spec.ts:176:88 › stats read 401 offers the correct recovery action without changing Ledger preference
[97/568] [chromium-iphone] › tests/v2-liff.spec.ts:526:5 › uses continuous balance language for either payer and balanced state
[98/568] [chromium-iphone] › tests/p1-c-races.spec.ts:176:88 › stats read 500 offers the correct recovery action without changing Ledger preference
[99/568] [chromium-iphone] › tests/p1-c-navigation.spec.ts:38:5 › 28 SUBMITTING blocks switch without aborting original POST
[100/568] [chromium-iphone] › tests/p1-b-entry.spec.ts:262:5 › a stale posted receipt cannot resurrect a replaced transaction
[101/568] [chromium-iphone] › tests/v2-liff.spec.ts:537:5 › keeps the daily UI usable on a narrow mobile viewport
[102/568] [chromium-iphone] › tests/p1-c-races.spec.ts:176:88 › recurring read 401 offers the correct recovery action without changing Ledger preference
[103/568] [chromium-iphone] › tests/p1-c-navigation.spec.ts:39:76 › 29 COMMITTED with pending refresh permits switch
[104/568] [chromium-iphone] › tests/p1-c-races.spec.ts:176:88 › recurring read 500 offers the correct recovery action without changing Ledger preference
[105/568] [chromium-iphone] › tests/p1-b-entry.spec.ts:273:5 › partner login odd 681 uses kernel member order and opening defaults despite a background change
[106/568] [chromium-iphone] › tests/p1-c-races.spec.ts:176:88 › search read 401 offers the correct recovery action without changing Ledger preference
[107/568] [chromium-iphone] › tests/v2-liff.spec.ts:554:5 › keeps voided transactions distinct in the mobile history
[108/568] [chromium-iphone] › tests/p1-c-navigation.spec.ts:39:76 › 30 COMMITTED with failed refresh permits switch
[109/568] [chromium-iphone] › tests/p1-b-entry.spec.ts:283:5 › midnight preserves the current draft date and opens the next draft with today's Taipei date
[110/568] [chromium-iphone] › tests/p1-c-races.spec.ts:176:88 › search read 500 offers the correct recovery action without changing Ledger preference
[111/568] [chromium-iphone] › tests/v2-liff.spec.ts:565:5 › uses the canonical save response without reloading the Ledger
[112/568] [chromium-iphone] › tests/p1-c-navigation.spec.ts:40:5 › 31 UNKNOWN blocks financial scope and activation is NOT-SENT
[113/568] [chromium-iphone] › tests/p1-c-races.spec.ts:199:5 › stale app-origin row marker falls back to a surviving Home row

[WebServer] (node:8428) Warning: The 'NO_COLOR' env is ignored due to the 'FORCE_COLOR' env being set.
[WebServer] (Use `node --trace-warnings ...` to show where the warning was created)
[114/568] [chromium-iphone] › tests/v2-liff.spec.ts:574:5 › keeps the draft on a rejected POST and does not add a local row
[115/568] [chromium-iphone] › tests/p1-b-entry.spec.ts:296:5 › recovery persistence overhead is bounded and stores only submitted operations
[116/568] [chromium-iphone] › tests/p1-c-navigation.spec.ts:41:5 › 32 UNKNOWN replay remains bound to original Ledger body and key
[117/568] [chromium-iphone] › tests/v2-liff.spec.ts:586:5 › reuses the idempotency key on an unchanged retry

(node:8437) Warning: The 'NO_COLOR' env is ignored due to the 'FORCE_COLOR' env being set.
(Use `node --trace-warnings ...` to show where the warning was created)

[118/568] [chromium-iphone] › tests/p1-c-navigation.spec.ts:42:5 › 33 latest pending destination wins without queued switches
[119/568] [webkit-iphone] › tests/p1-b-entry.spec.ts:25:5 › normal create commits row, balance and next payer together without a bootstrap refresh
[120/568] [chromium-iphone] › tests/v2-liff.spec.ts:600:5 › keeps a committed transaction out of a nonmatching search projection

(node:8446) Warning: The 'NO_COLOR' env is ignored due to the 'FORCE_COLOR' env being set.
(Use `node --trace-warnings ...` to show where the warning was created)

[121/568] [webkit-iphone] › tests/p1-c-navigation.spec.ts:14:5 › 01 normal launch replaces current URL with explicit canonical Ledger
[122/568] [chromium-iphone] › tests/p1-c-navigation.spec.ts:43:76 › 34 popstate dirty cancel restores truth without activation
[123/568] [chromium-iphone] › tests/v2-liff.spec.ts:640:5 › V3-0 ignores reversed bootstrap responses after explicit draft discard
[124/568] [chromium-iphone] › tests/p1-c-navigation.spec.ts:43:76 › 35 popstate dirty accept restores truth without activation
[125/568] [chromium-iphone] › tests/p1-c-navigation.spec.ts:44:5 › 36 repeated Back and Forward do not loop or inflate history
[126/568] [chromium-iphone] › tests/v2-liff.spec.ts:663:5 › V3-0 rapid A B A switches ignore the first A generation and stale errors
[127/568] [webkit-iphone] › tests/p1-c-navigation.spec.ts:15:5 › 02 explicit B deep link reads only B
[128/568] [webkit-iphone] › tests/p1-b-entry.spec.ts:39:5 › double tap owns one operation and guards switching while submitting
[129/568] [chromium-iphone] › tests/p1-c-navigation.spec.ts:45:5 › 37 late activation and secondary errors cannot contaminate newer Ledger
[130/568] [chromium-iphone] › tests/v2-liff.spec.ts:682:7 › V3-0 ignores reversed statistics responses across Ledgers
[131/568] [webkit-iphone] › tests/p1-c-navigation.spec.ts:16:130 › 03 nonexistent explicit target offers bounded recovery
[132/568] [webkit-iphone] › tests/p1-b-entry.spec.ts:54:5 › commit then dropped response reloads UNKNOWN and explicit replay returns original result with identical body/key
[133/568] [chromium-iphone] › tests/p1-c-navigation.spec.ts:46:5 › 38 Escape equals visible cancel and host never stacks dialogs
[134/568] [chromium-iphone] › tests/v2-liff.spec.ts:682:7 › V3-0 ignores reversed categories responses across Ledgers
[135/568] [webkit-iphone] › tests/p1-c-navigation.spec.ts:16:130 › 04 unauthorized explicit target offers bounded recovery
[136/568] [chromium-iphone] › tests/p1-c-navigation.spec.ts:47:5 › 39 native dialog labels traps background and restores Ledger trigger focus
[137/568] [webkit-iphone] › tests/p1-c-navigation.spec.ts:17:5 › 05 invalid explicit B never paints A content
[138/568] [chromium-iphone] › tests/v2-liff.spec.ts:682:7 › V3-0 ignores reversed recurring responses across Ledgers
[139/568] [chromium-iphone] › tests/p1-c-navigation.spec.ts:48:5 › 40 per-Ledger Home scroll restores A to B to A
[140/568] [webkit-iphone] › tests/p1-b-entry.spec.ts:72:5 › compatible partial commit plus GET 500 stays COMMITTED, including reload and read-only retry
[141/568] [webkit-iphone] › tests/p1-c-navigation.spec.ts:18:5 › 06 transaction with correct Ledger reconstructs and focuses detail
[142/568] [chromium-iphone] › tests/v2-liff.spec.ts:682:7 › V3-0 ignores reversed transactions responses across Ledgers
[143/568] [chromium-iphone] › tests/p1-c-navigation.spec.ts:49:5 › 41 Search query does not carry from A into B
[144/568] [webkit-iphone] › tests/p1-c-navigation.spec.ts:19:5 › 07 transaction with wrong Ledger shows link error without guessing another Ledger
[145/568] [webkit-iphone] › tests/p1-b-entry.spec.ts:83:63 › malformed 2xx cannot claim success
[146/568] [chromium-iphone] › tests/p1-c-navigation.spec.ts:50:5 › 42 proposal compatibility remains reachable without claimed Ledger ownership
[147/568] [webkit-iphone] › tests/p1-c-navigation.spec.ts:20:5 › 08 transaction without Ledger does not scan for ownership
[148/568] [webkit-iphone] › tests/p1-b-entry.spec.ts:83:63 › wrong-scope 2xx cannot claim success
[149/568] [chromium-iphone] › tests/p1-c-navigation.spec.ts:51:5 › 43 200 percent text has no body overflow and important controls remain 44px
[150/568] [chromium-iphone] › tests/v2-liff.spec.ts:710:5 › V3-0 switching Ledger after a deep link stays on the manual selection
[151/568] [webkit-iphone] › tests/p1-c-navigation.spec.ts:21:5 › 09 app row pushes detail and Back restores row focus
[152/568] [chromium-iphone] › tests/p1-c-navigation.spec.ts:52:5 › 44 reduced motion retains native focus and navigation
[153/568] [webkit-iphone] › tests/p1-b-entry.spec.ts:89:5 › storage unavailable or incorrect read-back prevents POST and keeps editing
[154/568] [webkit-iphone] › tests/p1-c-navigation.spec.ts:22:5 › 10 direct detail visible Back replaces to Home without leaving product
[155/568] [chromium-iphone] › tests/v2-liff.spec.ts:728:5 › V3-0 guards a late A save, then explicit discard cannot reuse A feedback or key in B
[156/568] [chromium-iphone] › tests/p1-c-navigation.spec.ts:54:5 › 45 browser Back restores the original transaction row focus
[157/568] [webkit-iphone] › tests/p1-c-navigation.spec.ts:23:5 › 11 reload detail preserves URL and drops stale app origin
[158/568] [webkit-iphone] › tests/p1-b-entry.spec.ts:98:5 › recovery identity mismatch reveals no stored financial content and cannot replay
[159/568] [chromium-iphone] › tests/p1-c-navigation.spec.ts:61:5 › 46 dirty discard into a secondary surface focuses heading after dialog closes
[160/568] [chromium-iphone] › tests/v2-liff.spec.ts:761:40 › P1-B normal create performance sample
[161/568] [chromium-iphone] › tests/p1-c-navigation.spec.ts:69:5 › 47 amount and purpose closing guard cancels without losing input
[162/568] [webkit-iphone] › tests/p1-c-navigation.spec.ts:24:95 › 12 收支概況 push reload deterministic Back
[163/568] [webkit-iphone] › tests/p1-b-entry.spec.ts:108:5 › recovery couple mismatch cannot hydrate even when actor and ledger IDs match
[164/568] [chromium-iphone] › tests/p1-c-navigation.spec.ts:79:5 › 48 UNKNOWN latest destination survives replay and replaces initial deep-link intent

(node:9083) Warning: The 'NO_COLOR' env is ignored due to the 'FORCE_COLOR' env being set.
(Use `node --trace-warnings ...` to show where the warning was created)

[165/568] [webkit-iphone] › tests/p2-b-identity.spec.ts:22:5 › name is the single Home identity; switch A B A reuses canonical scope
[166/568] [chromium-iphone] › tests/p1-c-navigation.spec.ts:91:5 › 49 committed recovery awaiting A read permits B without hydrating A into B
[167/568] [webkit-iphone] › tests/p1-b-entry.spec.ts:115:5 › Ledger A recovery takes priority over URL B without activating or moving a write to B
[168/568] [webkit-iphone] › tests/p1-c-navigation.spec.ts:24:95 › 13 帳本設定 push reload deterministic Back
[169/568] [webkit-iphone] › tests/p2-b-identity.spec.ts:52:5 › deep-link viewed B and LINE default A remain distinct and selected is announced
[170/568] [chromium-iphone] › tests/p1-c-navigation.spec.ts:102:46 › 50 bootstrap 401 has a scoped recovery action
[171/568] [chromium-iphone] › tests/p1-c-navigation.spec.ts:102:46 › 50 bootstrap 403 has a scoped recovery action
[172/568] [webkit-iphone] › tests/p2-b-identity.spec.ts:65:5 › activation syncing and failure stay bounded while B remains readable
[173/568] [webkit-iphone] › tests/p1-c-navigation.spec.ts:25:5 › 14 recurring URL reconstructs secondary surface
[174/568] [chromium-iphone] › tests/p1-c-navigation.spec.ts:102:46 › 50 bootstrap 404 has a scoped recovery action
[175/568] [webkit-iphone] › tests/p1-b-entry.spec.ts:129:5 › unknown followed by 401 remains unknown with original operation
[176/568] [chromium-iphone] › tests/p1-c-navigation.spec.ts:102:46 › 50 bootstrap 500 has a scoped recovery action
[177/568] [webkit-iphone] › tests/p1-c-navigation.spec.ts:26:5 › 15 Search pushes URL and Back returns Home
[178/568] [webkit-iphone] › tests/p1-b-entry.spec.ts:138:5 › authorized A recovery remains available when the linked Ledger no longer exists
[179/568] [webkit-iphone] › tests/p2-b-identity.spec.ts:87:39 › 40 character identities stay complete and wrap at 100% text

(node:9345) Warning: The 'NO_COLOR' env is ignored due to the 'FORCE_COLOR' env being set.
(Use `node --trace-warnings ...` to show where the warning was created)

[180/568] [webkit-iphone] › tests/p1-c-races.spec.ts:7:5 › native push and replace remain observable and preserve unrelated and Next state
[181/568] [webkit-iphone] › tests/p1-c-navigation.spec.ts:27:5 › 16 manual A to B replaces Home and focuses accepted Ledger
[182/568] [webkit-iphone] › tests/p1-b-entry.spec.ts:151:5 › an actor change in the existing document is detected before replay POST
[183/568] [webkit-iphone] › tests/p2-b-identity.spec.ts:87:39 › 40 character identities stay complete and wrap at 200% text
[184/568] [webkit-iphone] › tests/p1-c-navigation.spec.ts:28:5 › 17 A to B to A is generation safe for queued preference
[185/568] [webkit-iphone] › tests/p1-b-entry.spec.ts:160:5 › a new authorization failure hides cached financial content without discarding commit proof
[186/568] [webkit-iphone] › tests/p2-b-identity.spec.ts:115:5 › 40 unbroken Latin characters wrap without horizontal scroll at 200%
[187/568] [webkit-iphone] › tests/p1-c-navigation.spec.ts:29:77 › 18 late A bootstrap success cannot update B
[188/568] [webkit-iphone] › tests/p1-b-entry.spec.ts:171:5 › timeout after dispatch becomes unknown and preserves the exact recovery operation
[189/568] [webkit-iphone] › tests/p1-c-races.spec.ts:22:5 › LIFF redirect parameters are untouched until init resolves
[190/568] [webkit-iphone] › tests/p2-b-identity.spec.ts:125:5 › keyboard enters titled dialog, moves options without writes, selects and returns focus
[191/568] [webkit-iphone] › tests/p1-c-races.spec.ts:37:5 › delayed deep-link B cannot pull a subsequent manual A selection back
[192/568] [webkit-iphone] › tests/p1-c-navigation.spec.ts:29:77 › 19 late A bootstrap failure cannot update B
[193/568] [webkit-iphone] › tests/p1-b-entry.spec.ts:181:5 › correction drop-response reload replay retains original replacement and expected version
[194/568] [webkit-iphone] › tests/p2-b-identity.spec.ts:148:5 › create cancel returns to the same switcher and never changes scope or history
[195/568] [webkit-iphone] › tests/p1-c-races.spec.ts:46:42 › A-B-A late first A bootstrap success cannot overwrite new A
[196/568] [webkit-iphone] › tests/p1-c-navigation.spec.ts:30:5 › 20 activation failure keeps B readable and retry touches preference only
[197/568] [webkit-iphone] › tests/p1-b-entry.spec.ts:192:5 › first rejection preserves editable draft and unchanged retry reuses the key
[198/568] [webkit-iphone] › tests/p1-c-races.spec.ts:46:42 › A-B-A late first A bootstrap failure cannot overwrite new A
[199/568] [webkit-iphone] › tests/p2-b-identity.spec.ts:168:40 › create success accepts new name and scope from switcher
[200/568] [webkit-iphone] › tests/p1-c-navigation.spec.ts:31:5 › 21 deep link B has NOT-SENT activate evidence
[201/568] [webkit-iphone] › tests/p1-b-entry.spec.ts:201:5 › one create/correction draft requires explicit keep or discard
[202/568] [webkit-iphone] › tests/p1-c-navigation.spec.ts:32:5 › 22 explicit Switcher B sends preference activation once
[203/568] [webkit-iphone] › tests/p1-c-races.spec.ts:61:7 › A-B-A late categories success stays in its generation
[204/568] [webkit-iphone] › tests/p2-b-identity.spec.ts:168:40 › create success accepts new name and scope from empty list
[205/568] [webkit-iphone] › tests/p1-c-navigation.spec.ts:33:5 › 23 initial draft switches without confirmation and receives fresh defaults
[206/568] [webkit-iphone] › tests/p2-b-identity.spec.ts:189:5 › empty list cancel returns to one clear create entry
[207/568] [webkit-iphone] › tests/p1-b-entry.spec.ts:213:5 › creating a Ledger after discarding A opens a usable draft in the new Ledger
[208/568] [webkit-iphone] › tests/p1-c-races.spec.ts:61:7 › A-B-A late categories failure stays in its generation
[209/568] [webkit-iphone] › tests/p2-b-identity.spec.ts:202:5 › archived-only list has no broken identity trigger
[210/568] [webkit-iphone] › tests/p1-c-navigation.spec.ts:34:5 › 24 amount-only dirty cancel preserves value focus URL and NOT-SENT activation
[211/568] [webkit-iphone] › tests/p1-c-races.spec.ts:61:7 › A-B-A late recurring success stays in its generation
[212/568] [webkit-iphone] › tests/p1-b-entry.spec.ts:238:45 › correction success preserves commit when refresh succeeds
[213/568] [webkit-iphone] › tests/p2-b-identity.spec.ts:210:5 › create rejection preserves name and scope; cancelled retry writes nothing
[214/568] [webkit-iphone] › tests/p1-c-navigation.spec.ts:35:5 › 25 amount-only discard accepts B exactly once
[215/568] [webkit-iphone] › tests/p1-c-races.spec.ts:61:7 › A-B-A late recurring failure stays in its generation
[216/568] [webkit-iphone] › tests/p2-b-identity.spec.ts:223:5 › create is single flight and keeps its only dialog until response
[217/568] [webkit-iphone] › tests/p1-b-entry.spec.ts:238:45 › correction success preserves commit when refresh fails
[218/568] [webkit-iphone] › tests/p1-c-navigation.spec.ts:36:5 › 26 description dirty is guarded and semantic reversion becomes clean
[219/568] [webkit-iphone] › tests/p1-c-races.spec.ts:61:7 › A-B-A late statistics success stays in its generation
[220/568] [webkit-iphone] › tests/p1-b-entry.spec.ts:251:5 › a stale posted receipt cannot downgrade balance/next payer or resurrect a later void
[221/568] [webkit-iphone] › tests/p1-c-navigation.spec.ts:37:5 › 27 advanced-field-only note is dirty with empty amount and retains focus
[222/568] [webkit-iphone] › tests/p1-c-races.spec.ts:61:7 › A-B-A late statistics failure stays in its generation

(node:9809) Warning: The 'NO_COLOR' env is ignored due to the 'FORCE_COLOR' env being set.
(Use `node --trace-warnings ...` to show where the warning was created)

[223/568] [webkit-iphone] › tests/v2-liff.spec.ts:228:5 › P1-A keeps the native transaction date fully readable at mobile widths and enlarged text
[224/568] [webkit-iphone] › tests/p1-b-entry.spec.ts:262:5 › a stale posted receipt cannot resurrect a replaced transaction
[225/568] [webkit-iphone] › tests/p1-c-navigation.spec.ts:38:5 › 28 SUBMITTING blocks switch without aborting original POST
[226/568] [webkit-iphone] › tests/p1-c-races.spec.ts:61:7 › A-B-A late history success stays in its generation
[227/568] [webkit-iphone] › tests/p1-c-navigation.spec.ts:39:76 › 29 COMMITTED with pending refresh permits switch
[228/568] [webkit-iphone] › tests/v2-liff.spec.ts:321:5 › uses the V2 startup request budget
[229/568] [webkit-iphone] › tests/p1-b-entry.spec.ts:273:5 › partner login odd 681 uses kernel member order and opening defaults despite a background change
[230/568] [webkit-iphone] › tests/p1-c-races.spec.ts:61:7 › A-B-A late history failure stays in its generation
[231/568] [webkit-iphone] › tests/v2-liff.spec.ts:332:5 › P1-A restores zoom and keeps primary controls readable and tappable
[232/568] [webkit-iphone] › tests/p1-c-navigation.spec.ts:39:76 › 30 COMMITTED with failed refresh permits switch
[233/568] [webkit-iphone] › tests/p1-b-entry.spec.ts:283:5 › midnight preserves the current draft date and opens the next draft with today's Taipei date
[234/568] [webkit-iphone] › tests/p1-c-races.spec.ts:91:5 › same-ledger Detail identity change cannot reuse previous attachments
[235/568] [webkit-iphone] › tests/p1-c-navigation.spec.ts:40:5 › 31 UNKNOWN blocks financial scope and activation is NOT-SENT
[236/568] [webkit-iphone] › tests/p1-b-entry.spec.ts:296:5 › recovery persistence overhead is bounded and stores only submitted operations
[237/568] [webkit-iphone] › tests/p1-c-races.spec.ts:101:5 › search failure is visible on Search and absent after leaving its scope
[238/568] [webkit-iphone] › tests/v2-liff.spec.ts:419:5 › P1-A keeps keyboard focus visible and honors reduced motion
[239/568] [webkit-iphone] › tests/v2-liff.spec.ts:450:5 › P1-A keeps long Ledger names and large TWD balances reachable at 200% text size
[240/568] [webkit-iphone] › tests/p1-c-races.spec.ts:110:5 › same-ledger proposal compatibility responses stay with their proposal id
[241/568] [webkit-iphone] › tests/p1-c-navigation.spec.ts:41:5 › 32 UNKNOWN replay remains bound to original Ledger body and key
[242/568] [webkit-iphone] › tests/p1-c-races.spec.ts:122:52 › popstate while SUBMITTING keeps original scope and sends no destination request
[243/568] [webkit-iphone] › tests/v2-liff.spec.ts:473:5 › loads statistics and recurring rules only when their secondary UI is opened

(node:10095) Warning: The 'NO_COLOR' env is ignored due to the 'FORCE_COLOR' env being set.
(Use `node --trace-warnings ...` to show where the warning was created)

[244/568] [chromium-393] › tests/p1-b-entry.spec.ts:25:5 › normal create commits row, balance and next payer together without a bootstrap refresh
[245/568] [webkit-iphone] › tests/p1-c-navigation.spec.ts:42:5 › 33 latest pending destination wins without queued switches
[246/568] [webkit-iphone] › tests/p1-c-races.spec.ts:122:52 › popstate while UNKNOWN keeps original scope and sends no destination request
[247/568] [webkit-iphone] › tests/v2-liff.spec.ts:480:5 › shows server-confirmed saving and success feedback without waiting for history reload
[248/568] [webkit-iphone] › tests/p1-c-navigation.spec.ts:43:76 › 34 popstate dirty cancel restores truth without activation
[249/568] [webkit-iphone] › tests/p1-c-races.spec.ts:139:5 › late refresh and background resume do not steal editing focus
[250/568] [webkit-iphone] › tests/v2-liff.spec.ts:504:5 › keeps uncommon transaction choices behind more settings
[251/568] [webkit-iphone] › tests/p1-c-navigation.spec.ts:43:76 › 35 popstate dirty accept restores truth without activation
[252/568] [chromium-393] › tests/p1-b-entry.spec.ts:39:5 › double tap owns one operation and guards switching while submitting
[253/568] [webkit-iphone] › tests/p1-c-races.spec.ts:150:49 › 收支概況 Back restores Home scroll; reload resets it
[254/568] [webkit-iphone] › tests/v2-liff.spec.ts:526:5 › uses continuous balance language for either payer and balanced state
[255/568] [webkit-iphone] › tests/p1-c-navigation.spec.ts:44:5 › 36 repeated Back and Forward do not loop or inflate history
[256/568] [chromium-393] › tests/p1-b-entry.spec.ts:54:5 › commit then dropped response reloads UNKNOWN and explicit replay returns original result with identical body/key
[257/568] [webkit-iphone] › tests/v2-liff.spec.ts:537:5 › keeps the daily UI usable on a narrow mobile viewport
[258/568] [webkit-iphone] › tests/p1-c-races.spec.ts:150:49 › 帳本設定 Back restores Home scroll; reload resets it
[259/568] [webkit-iphone] › tests/p1-c-navigation.spec.ts:45:5 › 37 late activation and secondary errors cannot contaminate newer Ledger
[260/568] [webkit-iphone] › tests/v2-liff.spec.ts:554:5 › keeps voided transactions distinct in the mobile history
[261/568] [webkit-iphone] › tests/p1-c-navigation.spec.ts:46:5 › 38 Escape equals visible cancel and host never stacks dialogs
[262/568] [webkit-iphone] › tests/p1-c-races.spec.ts:150:49 › 搜尋 Back restores Home scroll; reload resets it
[263/568] [chromium-393] › tests/p1-b-entry.spec.ts:72:5 › compatible partial commit plus GET 500 stays COMMITTED, including reload and read-only retry
[264/568] [webkit-iphone] › tests/p1-c-navigation.spec.ts:47:5 › 39 native dialog labels traps background and restores Ledger trigger focus
[265/568] [webkit-iphone] › tests/v2-liff.spec.ts:565:5 › uses the canonical save response without reloading the Ledger
[266/568] [chromium-393] › tests/p1-b-entry.spec.ts:83:63 › malformed 2xx cannot claim success
[267/568] [webkit-iphone] › tests/p1-c-races.spec.ts:163:47 › unsaved setting 新增自訂分類 shares the leave host and preserves focus on cancel

[WebServer] (node:10358) Warning: The 'NO_COLOR' env is ignored due to the 'FORCE_COLOR' env being set.
[WebServer] (Use `node --trace-warnings ...` to show where the warning was created)
[268/568] [webkit-iphone] › tests/v2-liff.spec.ts:574:5 › keeps the draft on a rejected POST and does not add a local row
[269/568] [chromium-393] › tests/p1-b-entry.spec.ts:83:63 › wrong-scope 2xx cannot claim success
[270/568] [webkit-iphone] › tests/p1-c-navigation.spec.ts:48:5 › 40 per-Ledger Home scroll restores A to B to A
[271/568] [webkit-iphone] › tests/p1-c-races.spec.ts:163:47 › unsaved setting 週期交易名稱 shares the leave host and preserves focus on cancel
[272/568] [chromium-393] › tests/p1-b-entry.spec.ts:89:5 › storage unavailable or incorrect read-back prevents POST and keeps editing
[273/568] [webkit-iphone] › tests/v2-liff.spec.ts:586:5 › reuses the idempotency key on an unchanged retry
[274/568] [chromium-393] › tests/p1-b-entry.spec.ts:98:5 › recovery identity mismatch reveals no stored financial content and cannot replay
[275/568] [webkit-iphone] › tests/p1-c-races.spec.ts:176:88 › stats read 401 offers the correct recovery action without changing Ledger preference
[276/568] [webkit-iphone] › tests/p1-c-navigation.spec.ts:49:5 › 41 Search query does not carry from A into B
[277/568] [webkit-iphone] › tests/p1-c-races.spec.ts:176:88 › stats read 500 offers the correct recovery action without changing Ledger preference
[278/568] [webkit-iphone] › tests/v2-liff.spec.ts:600:5 › keeps a committed transaction out of a nonmatching search projection
[279/568] [chromium-393] › tests/p1-b-entry.spec.ts:108:5 › recovery couple mismatch cannot hydrate even when actor and ledger IDs match
[280/568] [webkit-iphone] › tests/p1-c-navigation.spec.ts:50:5 › 42 proposal compatibility remains reachable without claimed Ledger ownership
[281/568] [webkit-iphone] › tests/p1-c-races.spec.ts:176:88 › recurring read 401 offers the correct recovery action without changing Ledger preference
[282/568] [webkit-iphone] › tests/p1-c-navigation.spec.ts:51:5 › 43 200 percent text has no body overflow and important controls remain 44px
[283/568] [webkit-iphone] › tests/v2-liff.spec.ts:640:5 › V3-0 ignores reversed bootstrap responses after explicit draft discard
[284/568] [webkit-iphone] › tests/p1-c-races.spec.ts:176:88 › recurring read 500 offers the correct recovery action without changing Ledger preference
[285/568] [chromium-393] › tests/p1-b-entry.spec.ts:115:5 › Ledger A recovery takes priority over URL B without activating or moving a write to B
[286/568] [webkit-iphone] › tests/p1-c-navigation.spec.ts:52:5 › 44 reduced motion retains native focus and navigation
[287/568] [webkit-iphone] › tests/p1-c-races.spec.ts:176:88 › search read 401 offers the correct recovery action without changing Ledger preference
[288/568] [chromium-393] › tests/p1-b-entry.spec.ts:129:5 › unknown followed by 401 remains unknown with original operation
[289/568] [webkit-iphone] › tests/v2-liff.spec.ts:663:5 › V3-0 rapid A B A switches ignore the first A generation and stale errors
[290/568] [webkit-iphone] › tests/p1-c-navigation.spec.ts:54:5 › 45 browser Back restores the original transaction row focus
[291/568] [webkit-iphone] › tests/p1-c-races.spec.ts:176:88 › search read 500 offers the correct recovery action without changing Ledger preference
[292/568] [chromium-393] › tests/p1-b-entry.spec.ts:138:5 › authorized A recovery remains available when the linked Ledger no longer exists
[293/568] [webkit-iphone] › tests/p1-c-navigation.spec.ts:61:5 › 46 dirty discard into a secondary surface focuses heading after dialog closes
[294/568] [webkit-iphone] › tests/v2-liff.spec.ts:682:7 › V3-0 ignores reversed statistics responses across Ledgers
[295/568] [webkit-iphone] › tests/p1-c-races.spec.ts:199:5 › stale app-origin row marker falls back to a surviving Home row
[296/568] [chromium-393] › tests/p1-b-entry.spec.ts:151:5 › an actor change in the existing document is detected before replay POST
[297/568] [webkit-iphone] › tests/p1-c-navigation.spec.ts:69:5 › 47 amount and purpose closing guard cancels without losing input
[298/568] [webkit-iphone] › tests/v2-liff.spec.ts:682:7 › V3-0 ignores reversed categories responses across Ledgers
[299/568] [webkit-iphone] › tests/p1-c-navigation.spec.ts:79:5 › 48 UNKNOWN latest destination survives replay and replaces initial deep-link intent

(node:10702) Warning: The 'NO_COLOR' env is ignored due to the 'FORCE_COLOR' env being set.
(Use `node --trace-warnings ...` to show where the warning was created)

[300/568] [chromium-393] › tests/p1-b-entry.spec.ts:160:5 › a new authorization failure hides cached financial content without discarding commit proof
[301/568] [chromium-393] › tests/p1-c-navigation.spec.ts:14:5 › 01 normal launch replaces current URL with explicit canonical Ledger
[302/568] [chromium-393] › tests/p1-b-entry.spec.ts:171:5 › timeout after dispatch becomes unknown and preserves the exact recovery operation
[303/568] [webkit-iphone] › tests/v2-liff.spec.ts:682:7 › V3-0 ignores reversed recurring responses across Ledgers
[304/568] [chromium-393] › tests/p1-c-navigation.spec.ts:15:5 › 02 explicit B deep link reads only B
[305/568] [webkit-iphone] › tests/p1-c-navigation.spec.ts:91:5 › 49 committed recovery awaiting A read permits B without hydrating A into B
[306/568] [chromium-393] › tests/p1-b-entry.spec.ts:181:5 › correction drop-response reload replay retains original replacement and expected version
[307/568] [chromium-393] › tests/p1-c-navigation.spec.ts:16:130 › 03 nonexistent explicit target offers bounded recovery
[308/568] [webkit-iphone] › tests/v2-liff.spec.ts:682:7 › V3-0 ignores reversed transactions responses across Ledgers
[309/568] [chromium-393] › tests/p1-c-navigation.spec.ts:16:130 › 04 unauthorized explicit target offers bounded recovery
[310/568] [webkit-iphone] › tests/p1-c-navigation.spec.ts:102:46 › 50 bootstrap 401 has a scoped recovery action
[311/568] [chromium-393] › tests/p1-b-entry.spec.ts:192:5 › first rejection preserves editable draft and unchanged retry reuses the key
[312/568] [chromium-393] › tests/p1-c-navigation.spec.ts:17:5 › 05 invalid explicit B never paints A content
[313/568] [webkit-iphone] › tests/p1-c-navigation.spec.ts:102:46 › 50 bootstrap 403 has a scoped recovery action
[314/568] [chromium-393] › tests/p1-b-entry.spec.ts:201:5 › one create/correction draft requires explicit keep or discard
[315/568] [webkit-iphone] › tests/v2-liff.spec.ts:710:5 › V3-0 switching Ledger after a deep link stays on the manual selection
[316/568] [chromium-393] › tests/p1-c-navigation.spec.ts:18:5 › 06 transaction with correct Ledger reconstructs and focuses detail
[317/568] [chromium-393] › tests/p1-b-entry.spec.ts:213:5 › creating a Ledger after discarding A opens a usable draft in the new Ledger
[318/568] [webkit-iphone] › tests/p1-c-navigation.spec.ts:102:46 › 50 bootstrap 404 has a scoped recovery action
[319/568] [chromium-393] › tests/p1-c-navigation.spec.ts:19:5 › 07 transaction with wrong Ledger shows link error without guessing another Ledger
[320/568] [chromium-393] › tests/p1-c-navigation.spec.ts:20:5 › 08 transaction without Ledger does not scan for ownership
[321/568] [webkit-iphone] › tests/v2-liff.spec.ts:728:5 › V3-0 guards a late A save, then explicit discard cannot reuse A feedback or key in B
[322/568] [webkit-iphone] › tests/p1-c-navigation.spec.ts:102:46 › 50 bootstrap 500 has a scoped recovery action
[323/568] [chromium-393] › tests/p1-b-entry.spec.ts:238:45 › correction success preserves commit when refresh succeeds
[324/568] [chromium-393] › tests/p1-c-navigation.spec.ts:21:5 › 09 app row pushes detail and Back restores row focus
[325/568] [chromium-393] › tests/p1-b-entry.spec.ts:238:45 › correction success preserves commit when refresh fails

(node:11235) Warning: The 'NO_COLOR' env is ignored due to the 'FORCE_COLOR' env being set.
(Use `node --trace-warnings ...` to show where the warning was created)

[326/568] [chromium-393] › tests/p2-b-identity.spec.ts:22:5 › name is the single Home identity; switch A B A reuses canonical scope
[327/568] [webkit-iphone] › tests/v2-liff.spec.ts:761:40 › P1-B normal create performance sample
[328/568] [chromium-393] › tests/p1-c-navigation.spec.ts:22:5 › 10 direct detail visible Back replaces to Home without leaving product
[329/568] [chromium-393] › tests/p1-b-entry.spec.ts:251:5 › a stale posted receipt cannot downgrade balance/next payer or resurrect a later void
[330/568] [chromium-393] › tests/p1-c-navigation.spec.ts:23:5 › 11 reload detail preserves URL and drops stale app origin
[331/568] [chromium-393] › tests/p1-b-entry.spec.ts:262:5 › a stale posted receipt cannot resurrect a replaced transaction
[332/568] [chromium-393] › tests/p2-b-identity.spec.ts:52:5 › deep-link viewed B and LINE default A remain distinct and selected is announced
[333/568] [chromium-393] › tests/p1-c-navigation.spec.ts:24:95 › 12 收支概況 push reload deterministic Back

(node:11339) Warning: The 'NO_COLOR' env is ignored due to the 'FORCE_COLOR' env being set.
(Use `node --trace-warnings ...` to show where the warning was created)

[334/568] [chromium-393] › tests/p1-c-races.spec.ts:7:5 › native push and replace remain observable and preserve unrelated and Next state
[335/568] [chromium-393] › tests/p2-b-identity.spec.ts:65:5 › activation syncing and failure stay bounded while B remains readable
[336/568] [chromium-393] › tests/p1-b-entry.spec.ts:273:5 › partner login odd 681 uses kernel member order and opening defaults despite a background change
[337/568] [chromium-393] › tests/p1-c-navigation.spec.ts:24:95 › 13 帳本設定 push reload deterministic Back
[338/568] [chromium-393] › tests/p2-b-identity.spec.ts:87:39 › 40 character identities stay complete and wrap at 100% text
[339/568] [chromium-393] › tests/p1-c-races.spec.ts:22:5 › LIFF redirect parameters are untouched until init resolves
[340/568] [chromium-393] › tests/p1-b-entry.spec.ts:283:5 › midnight preserves the current draft date and opens the next draft with today's Taipei date
[341/568] [chromium-393] › tests/p1-c-races.spec.ts:37:5 › delayed deep-link B cannot pull a subsequent manual A selection back
[342/568] [chromium-393] › tests/p2-b-identity.spec.ts:87:39 › 40 character identities stay complete and wrap at 200% text
[343/568] [chromium-393] › tests/p1-b-entry.spec.ts:296:5 › recovery persistence overhead is bounded and stores only submitted operations
[344/568] [chromium-393] › tests/p1-c-races.spec.ts:46:42 › A-B-A late first A bootstrap success cannot overwrite new A
[345/568] [chromium-393] › tests/p1-c-navigation.spec.ts:25:5 › 14 recurring URL reconstructs secondary surface
[346/568] [chromium-393] › tests/p1-c-navigation.spec.ts:26:5 › 15 Search pushes URL and Back returns Home
[347/568] [chromium-393] › tests/p1-c-races.spec.ts:46:42 › A-B-A late first A bootstrap failure cannot overwrite new A
[348/568] [chromium-393] › tests/p2-b-identity.spec.ts:115:5 › 40 unbroken Latin characters wrap without horizontal scroll at 200%

(node:11525) Warning: The 'NO_COLOR' env is ignored due to the 'FORCE_COLOR' env being set.
(Use `node --trace-warnings ...` to show where the warning was created)

[349/568] [webkit-393] › tests/p1-b-entry.spec.ts:25:5 › normal create commits row, balance and next payer together without a bootstrap refresh
[350/568] [chromium-393] › tests/p1-c-races.spec.ts:61:7 › A-B-A late categories success stays in its generation
[351/568] [chromium-393] › tests/p1-c-navigation.spec.ts:27:5 › 16 manual A to B replaces Home and focuses accepted Ledger
[352/568] [chromium-393] › tests/p2-b-identity.spec.ts:125:5 › keyboard enters titled dialog, moves options without writes, selects and returns focus
[353/568] [chromium-393] › tests/p1-c-navigation.spec.ts:28:5 › 17 A to B to A is generation safe for queued preference
[354/568] [chromium-393] › tests/p1-c-races.spec.ts:61:7 › A-B-A late categories failure stays in its generation
[355/568] [chromium-393] › tests/p2-b-identity.spec.ts:148:5 › create cancel returns to the same switcher and never changes scope or history
[356/568] [chromium-393] › tests/p1-c-navigation.spec.ts:29:77 › 18 late A bootstrap success cannot update B
[357/568] [chromium-393] › tests/p1-c-races.spec.ts:61:7 › A-B-A late recurring success stays in its generation
[358/568] [chromium-393] › tests/p2-b-identity.spec.ts:168:40 › create success accepts new name and scope from switcher
[359/568] [chromium-393] › tests/p1-c-navigation.spec.ts:29:77 › 19 late A bootstrap failure cannot update B
[360/568] [webkit-393] › tests/p1-b-entry.spec.ts:39:5 › double tap owns one operation and guards switching while submitting
[361/568] [chromium-393] › tests/p1-c-races.spec.ts:61:7 › A-B-A late recurring failure stays in its generation
[362/568] [chromium-393] › tests/p2-b-identity.spec.ts:168:40 › create success accepts new name and scope from empty list
[363/568] [chromium-393] › tests/p1-c-navigation.spec.ts:30:5 › 20 activation failure keeps B readable and retry touches preference only
[364/568] [chromium-393] › tests/p1-c-races.spec.ts:61:7 › A-B-A late statistics success stays in its generation
[365/568] [webkit-393] › tests/p1-b-entry.spec.ts:54:5 › commit then dropped response reloads UNKNOWN and explicit replay returns original result with identical body/key
[366/568] [chromium-393] › tests/p2-b-identity.spec.ts:189:5 › empty list cancel returns to one clear create entry
[367/568] [chromium-393] › tests/p1-c-navigation.spec.ts:31:5 › 21 deep link B has NOT-SENT activate evidence
[368/568] [chromium-393] › tests/p1-c-races.spec.ts:61:7 › A-B-A late statistics failure stays in its generation
[369/568] [chromium-393] › tests/p1-c-navigation.spec.ts:32:5 › 22 explicit Switcher B sends preference activation once
[370/568] [chromium-393] › tests/p2-b-identity.spec.ts:202:5 › archived-only list has no broken identity trigger
[371/568] [chromium-393] › tests/p1-c-races.spec.ts:61:7 › A-B-A late history success stays in its generation
[372/568] [chromium-393] › tests/p2-b-identity.spec.ts:210:5 › create rejection preserves name and scope; cancelled retry writes nothing
[373/568] [chromium-393] › tests/p1-c-navigation.spec.ts:33:5 › 23 initial draft switches without confirmation and receives fresh defaults
[374/568] [webkit-393] › tests/p1-b-entry.spec.ts:72:5 › compatible partial commit plus GET 500 stays COMMITTED, including reload and read-only retry
[375/568] [chromium-393] › tests/p2-b-identity.spec.ts:223:5 › create is single flight and keeps its only dialog until response
[376/568] [chromium-393] › tests/p1-c-navigation.spec.ts:34:5 › 24 amount-only dirty cancel preserves value focus URL and NOT-SENT activation
[377/568] [chromium-393] › tests/p1-c-races.spec.ts:61:7 › A-B-A late history failure stays in its generation
[378/568] [chromium-393] › tests/p1-c-navigation.spec.ts:35:5 › 25 amount-only discard accepts B exactly once
[379/568] [chromium-393] › tests/p1-c-races.spec.ts:91:5 › same-ledger Detail identity change cannot reuse previous attachments

(node:11969) Warning: The 'NO_COLOR' env is ignored due to the 'FORCE_COLOR' env being set.
(Use `node --trace-warnings ...` to show where the warning was created)

[380/568] [webkit-393] › tests/p1-c-navigation.spec.ts:14:5 › 01 normal launch replaces current URL with explicit canonical Ledger
[381/568] [webkit-393] › tests/p1-b-entry.spec.ts:83:63 › malformed 2xx cannot claim success
[382/568] [chromium-393] › tests/p1-c-races.spec.ts:101:5 › search failure is visible on Search and absent after leaving its scope
[383/568] [chromium-393] › tests/p1-c-navigation.spec.ts:36:5 › 26 description dirty is guarded and semantic reversion becomes clean
[384/568] [chromium-393] › tests/p1-c-races.spec.ts:110:5 › same-ledger proposal compatibility responses stay with their proposal id
[385/568] [chromium-393] › tests/p1-c-navigation.spec.ts:37:5 › 27 advanced-field-only note is dirty with empty amount and retains focus
[386/568] [webkit-393] › tests/p1-b-entry.spec.ts:83:63 › wrong-scope 2xx cannot claim success
[387/568] [webkit-393] › tests/p1-c-navigation.spec.ts:15:5 › 02 explicit B deep link reads only B
[388/568] [chromium-393] › tests/p1-c-races.spec.ts:122:52 › popstate while SUBMITTING keeps original scope and sends no destination request
[389/568] [chromium-393] › tests/p1-c-navigation.spec.ts:38:5 › 28 SUBMITTING blocks switch without aborting original POST
[390/568] [webkit-393] › tests/p1-b-entry.spec.ts:89:5 › storage unavailable or incorrect read-back prevents POST and keeps editing
[391/568] [webkit-393] › tests/p1-c-navigation.spec.ts:16:130 › 03 nonexistent explicit target offers bounded recovery
[392/568] [chromium-393] › tests/p1-c-races.spec.ts:122:52 › popstate while UNKNOWN keeps original scope and sends no destination request
[393/568] [chromium-393] › tests/p1-c-navigation.spec.ts:39:76 › 29 COMMITTED with pending refresh permits switch
[394/568] [webkit-393] › tests/p1-b-entry.spec.ts:98:5 › recovery identity mismatch reveals no stored financial content and cannot replay
[395/568] [webkit-393] › tests/p1-c-navigation.spec.ts:16:130 › 04 unauthorized explicit target offers bounded recovery
[396/568] [chromium-393] › tests/p1-c-races.spec.ts:139:5 › late refresh and background resume do not steal editing focus
[397/568] [chromium-393] › tests/p1-c-navigation.spec.ts:39:76 › 30 COMMITTED with failed refresh permits switch
[398/568] [webkit-393] › tests/p1-c-navigation.spec.ts:17:5 › 05 invalid explicit B never paints A content
[399/568] [webkit-393] › tests/p1-b-entry.spec.ts:108:5 › recovery couple mismatch cannot hydrate even when actor and ledger IDs match
[400/568] [chromium-393] › tests/p1-c-races.spec.ts:150:49 › 收支概況 Back restores Home scroll; reload resets it
[401/568] [chromium-393] › tests/p1-c-navigation.spec.ts:40:5 › 31 UNKNOWN blocks financial scope and activation is NOT-SENT
[402/568] [webkit-393] › tests/p1-c-navigation.spec.ts:18:5 › 06 transaction with correct Ledger reconstructs and focuses detail
[403/568] [chromium-393] › tests/p1-c-navigation.spec.ts:41:5 › 32 UNKNOWN replay remains bound to original Ledger body and key
[404/568] [chromium-393] › tests/p1-c-races.spec.ts:150:49 › 帳本設定 Back restores Home scroll; reload resets it
[405/568] [webkit-393] › tests/p1-b-entry.spec.ts:115:5 › Ledger A recovery takes priority over URL B without activating or moving a write to B
[406/568] [webkit-393] › tests/p1-c-navigation.spec.ts:19:5 › 07 transaction with wrong Ledger shows link error without guessing another Ledger
[407/568] [chromium-393] › tests/p1-c-navigation.spec.ts:42:5 › 33 latest pending destination wins without queued switches
[408/568] [webkit-393] › tests/p1-c-navigation.spec.ts:20:5 › 08 transaction without Ledger does not scan for ownership
[409/568] [chromium-393] › tests/p1-c-races.spec.ts:150:49 › 搜尋 Back restores Home scroll; reload resets it
[410/568] [webkit-393] › tests/p1-b-entry.spec.ts:129:5 › unknown followed by 401 remains unknown with original operation
[411/568] [webkit-393] › tests/p1-c-navigation.spec.ts:21:5 › 09 app row pushes detail and Back restores row focus
[412/568] [chromium-393] › tests/p1-c-navigation.spec.ts:43:76 › 34 popstate dirty cancel restores truth without activation
[413/568] [webkit-393] › tests/p1-b-entry.spec.ts:138:5 › authorized A recovery remains available when the linked Ledger no longer exists
[414/568] [chromium-393] › tests/p1-c-races.spec.ts:163:47 › unsaved setting 新增自訂分類 shares the leave host and preserves focus on cancel
[415/568] [webkit-393] › tests/p1-c-navigation.spec.ts:22:5 › 10 direct detail visible Back replaces to Home without leaving product
[416/568] [chromium-393] › tests/p1-c-races.spec.ts:163:47 › unsaved setting 週期交易名稱 shares the leave host and preserves focus on cancel
[417/568] [chromium-393] › tests/p1-c-navigation.spec.ts:43:76 › 35 popstate dirty accept restores truth without activation
[418/568] [webkit-393] › tests/p1-c-navigation.spec.ts:23:5 › 11 reload detail preserves URL and drops stale app origin
[419/568] [webkit-393] › tests/p1-b-entry.spec.ts:151:5 › an actor change in the existing document is detected before replay POST
[420/568] [chromium-393] › tests/p1-c-navigation.spec.ts:44:5 › 36 repeated Back and Forward do not loop or inflate history
[421/568] [chromium-393] › tests/p1-c-races.spec.ts:176:88 › stats read 401 offers the correct recovery action without changing Ledger preference
[422/568] [webkit-393] › tests/p1-b-entry.spec.ts:160:5 › a new authorization failure hides cached financial content without discarding commit proof
[423/568] [chromium-393] › tests/p1-c-races.spec.ts:176:88 › stats read 500 offers the correct recovery action without changing Ledger preference
[424/568] [webkit-393] › tests/p1-c-navigation.spec.ts:24:95 › 12 收支概況 push reload deterministic Back
[425/568] [chromium-393] › tests/p1-c-navigation.spec.ts:45:5 › 37 late activation and secondary errors cannot contaminate newer Ledger
[426/568] [chromium-393] › tests/p1-c-races.spec.ts:176:88 › recurring read 401 offers the correct recovery action without changing Ledger preference
[427/568] [webkit-393] › tests/p1-b-entry.spec.ts:171:5 › timeout after dispatch becomes unknown and preserves the exact recovery operation
[428/568] [chromium-393] › tests/p1-c-navigation.spec.ts:46:5 › 38 Escape equals visible cancel and host never stacks dialogs
[429/568] [chromium-393] › tests/p1-c-races.spec.ts:176:88 › recurring read 500 offers the correct recovery action without changing Ledger preference
[430/568] [webkit-393] › tests/p1-c-navigation.spec.ts:24:95 › 13 帳本設定 push reload deterministic Back
[431/568] [chromium-393] › tests/p1-c-navigation.spec.ts:47:5 › 39 native dialog labels traps background and restores Ledger trigger focus
[432/568] [webkit-393] › tests/p1-b-entry.spec.ts:181:5 › correction drop-response reload replay retains original replacement and expected version
[433/568] [chromium-393] › tests/p1-c-races.spec.ts:176:88 › search read 401 offers the correct recovery action without changing Ledger preference
[434/568] [chromium-393] › tests/p1-c-navigation.spec.ts:48:5 › 40 per-Ledger Home scroll restores A to B to A
[435/568] [chromium-393] › tests/p1-c-races.spec.ts:176:88 › search read 500 offers the correct recovery action without changing Ledger preference
[436/568] [webkit-393] › tests/p1-c-navigation.spec.ts:25:5 › 14 recurring URL reconstructs secondary surface
[437/568] [chromium-393] › tests/p1-c-races.spec.ts:199:5 › stale app-origin row marker falls back to a surviving Home row
[438/568] [webkit-393] › tests/p1-b-entry.spec.ts:192:5 › first rejection preserves editable draft and unchanged retry reuses the key
[439/568] [chromium-393] › tests/p1-c-navigation.spec.ts:49:5 › 41 Search query does not carry from A into B
[440/568] [webkit-393] › tests/p1-c-navigation.spec.ts:26:5 › 15 Search pushes URL and Back returns Home
[441/568] [chromium-393] › tests/p1-c-navigation.spec.ts:50:5 › 42 proposal compatibility remains reachable without claimed Ledger ownership
[442/568] [webkit-393] › tests/p1-b-entry.spec.ts:201:5 › one create/correction draft requires explicit keep or discard
[443/568] [webkit-393] › tests/p1-c-navigation.spec.ts:27:5 › 16 manual A to B replaces Home and focuses accepted Ledger

(node:12884) Warning: The 'NO_COLOR' env is ignored due to the 'FORCE_COLOR' env being set.
(Use `node --trace-warnings ...` to show where the warning was created)

[444/568] [webkit-393] › tests/p2-b-identity.spec.ts:22:5 › name is the single Home identity; switch A B A reuses canonical scope
[445/568] [chromium-393] › tests/p1-c-navigation.spec.ts:51:5 › 43 200 percent text has no body overflow and important controls remain 44px
[446/568] [webkit-393] › tests/p1-c-navigation.spec.ts:28:5 › 17 A to B to A is generation safe for queued preference
[447/568] [webkit-393] › tests/p1-b-entry.spec.ts:213:5 › creating a Ledger after discarding A opens a usable draft in the new Ledger
[448/568] [chromium-393] › tests/p1-c-navigation.spec.ts:52:5 › 44 reduced motion retains native focus and navigation
[449/568] [webkit-393] › tests/p2-b-identity.spec.ts:52:5 › deep-link viewed B and LINE default A remain distinct and selected is announced
[450/568] [webkit-393] › tests/p1-c-navigation.spec.ts:29:77 › 18 late A bootstrap success cannot update B
[451/568] [webkit-393] › tests/p1-b-entry.spec.ts:238:45 › correction success preserves commit when refresh succeeds
[452/568] [chromium-393] › tests/p1-c-navigation.spec.ts:54:5 › 45 browser Back restores the original transaction row focus
[453/568] [webkit-393] › tests/p1-c-navigation.spec.ts:29:77 › 19 late A bootstrap failure cannot update B
[454/568] [webkit-393] › tests/p2-b-identity.spec.ts:65:5 › activation syncing and failure stay bounded while B remains readable
[455/568] [webkit-393] › tests/p1-b-entry.spec.ts:238:45 › correction success preserves commit when refresh fails
[456/568] [chromium-393] › tests/p1-c-navigation.spec.ts:61:5 › 46 dirty discard into a secondary surface focuses heading after dialog closes
[457/568] [webkit-393] › tests/p1-c-navigation.spec.ts:30:5 › 20 activation failure keeps B readable and retry touches preference only
[458/568] [webkit-393] › tests/p2-b-identity.spec.ts:87:39 › 40 character identities stay complete and wrap at 100% text
[459/568] [webkit-393] › tests/p1-b-entry.spec.ts:251:5 › a stale posted receipt cannot downgrade balance/next payer or resurrect a later void
[460/568] [chromium-393] › tests/p1-c-navigation.spec.ts:69:5 › 47 amount and purpose closing guard cancels without losing input
[461/568] [webkit-393] › tests/p1-c-navigation.spec.ts:31:5 › 21 deep link B has NOT-SENT activate evidence
[462/568] [webkit-393] › tests/p2-b-identity.spec.ts:87:39 › 40 character identities stay complete and wrap at 200% text
[463/568] [webkit-393] › tests/p1-b-entry.spec.ts:262:5 › a stale posted receipt cannot resurrect a replaced transaction
[464/568] [chromium-393] › tests/p1-c-navigation.spec.ts:79:5 › 48 UNKNOWN latest destination survives replay and replaces initial deep-link intent
[465/568] [webkit-393] › tests/p1-c-navigation.spec.ts:32:5 › 22 explicit Switcher B sends preference activation once
[466/568] [webkit-393] › tests/p2-b-identity.spec.ts:115:5 › 40 unbroken Latin characters wrap without horizontal scroll at 200%
[467/568] [webkit-393] › tests/p1-b-entry.spec.ts:273:5 › partner login odd 681 uses kernel member order and opening defaults despite a background change
[468/568] [webkit-393] › tests/p1-c-navigation.spec.ts:33:5 › 23 initial draft switches without confirmation and receives fresh defaults
[469/568] [chromium-393] › tests/p1-c-navigation.spec.ts:91:5 › 49 committed recovery awaiting A read permits B without hydrating A into B
[470/568] [webkit-393] › tests/p2-b-identity.spec.ts:125:5 › keyboard enters titled dialog, moves options without writes, selects and returns focus
[471/568] [webkit-393] › tests/p1-b-entry.spec.ts:283:5 › midnight preserves the current draft date and opens the next draft with today's Taipei date
[472/568] [webkit-393] › tests/p1-c-navigation.spec.ts:34:5 › 24 amount-only dirty cancel preserves value focus URL and NOT-SENT activation
[473/568] [chromium-393] › tests/p1-c-navigation.spec.ts:102:46 › 50 bootstrap 401 has a scoped recovery action
[474/568] [webkit-393] › tests/p1-b-entry.spec.ts:296:5 › recovery persistence overhead is bounded and stores only submitted operations
[475/568] [webkit-393] › tests/p2-b-identity.spec.ts:148:5 › create cancel returns to the same switcher and never changes scope or history
[476/568] [webkit-393] › tests/p1-c-navigation.spec.ts:35:5 › 25 amount-only discard accepts B exactly once
[477/568] [chromium-393] › tests/p1-c-navigation.spec.ts:102:46 › 50 bootstrap 403 has a scoped recovery action
[478/568] [chromium-393] › tests/p1-c-navigation.spec.ts:102:46 › 50 bootstrap 404 has a scoped recovery action
[479/568] [webkit-393] › tests/p1-c-navigation.spec.ts:36:5 › 26 description dirty is guarded and semantic reversion becomes clean
[480/568] [webkit-393] › tests/p2-b-identity.spec.ts:168:40 › create success accepts new name and scope from switcher
[481/568] [chromium-393] › tests/p1-c-navigation.spec.ts:102:46 › 50 bootstrap 500 has a scoped recovery action

(node:13417) Warning: The 'NO_COLOR' env is ignored due to the 'FORCE_COLOR' env being set.
(Use `node --trace-warnings ...` to show where the warning was created)

[482/568] [webkit-393] › tests/p1-c-races.spec.ts:7:5 › native push and replace remain observable and preserve unrelated and Next state
[483/568] [webkit-393] › tests/p2-b-identity.spec.ts:168:40 › create success accepts new name and scope from empty list
[484/568] [webkit-393] › tests/p1-c-navigation.spec.ts:37:5 › 27 advanced-field-only note is dirty with empty amount and retains focus

(node:13448) Warning: The 'NO_COLOR' env is ignored due to the 'FORCE_COLOR' env being set.
(Use `node --trace-warnings ...` to show where the warning was created)

[485/568] [chromium-wide] › tests/v2-liff.spec.ts:228:5 › P1-A keeps the native transaction date fully readable at mobile widths and enlarged text
[486/568] [webkit-393] › tests/p1-c-races.spec.ts:22:5 › LIFF redirect parameters are untouched until init resolves
[487/568] [webkit-393] › tests/p1-c-navigation.spec.ts:38:5 › 28 SUBMITTING blocks switch without aborting original POST
[488/568] [webkit-393] › tests/p2-b-identity.spec.ts:189:5 › empty list cancel returns to one clear create entry
[489/568] [chromium-wide] › tests/v2-liff.spec.ts:321:5 › uses the V2 startup request budget
[490/568] [chromium-wide] › tests/v2-liff.spec.ts:332:5 › P1-A restores zoom and keeps primary controls readable and tappable
[491/568] [webkit-393] › tests/p1-c-races.spec.ts:37:5 › delayed deep-link B cannot pull a subsequent manual A selection back
[492/568] [webkit-393] › tests/p2-b-identity.spec.ts:202:5 › archived-only list has no broken identity trigger
[493/568] [webkit-393] › tests/p1-c-navigation.spec.ts:39:76 › 29 COMMITTED with pending refresh permits switch
[494/568] [chromium-wide] › tests/v2-liff.spec.ts:419:5 › P1-A keeps keyboard focus visible and honors reduced motion
[495/568] [webkit-393] › tests/p2-b-identity.spec.ts:210:5 › create rejection preserves name and scope; cancelled retry writes nothing
[496/568] [webkit-393] › tests/p1-c-races.spec.ts:46:42 › A-B-A late first A bootstrap success cannot overwrite new A
[497/568] [webkit-393] › tests/p1-c-navigation.spec.ts:39:76 › 30 COMMITTED with failed refresh permits switch
[498/568] [chromium-wide] › tests/v2-liff.spec.ts:450:5 › P1-A keeps long Ledger names and large TWD balances reachable at 200% text size
[499/568] [chromium-wide] › tests/v2-liff.spec.ts:473:5 › loads statistics and recurring rules only when their secondary UI is opened
[500/568] [webkit-393] › tests/p1-c-races.spec.ts:46:42 › A-B-A late first A bootstrap failure cannot overwrite new A
[501/568] [webkit-393] › tests/p1-c-navigation.spec.ts:40:5 › 31 UNKNOWN blocks financial scope and activation is NOT-SENT
[502/568] [webkit-393] › tests/p2-b-identity.spec.ts:223:5 › create is single flight and keeps its only dialog until response
[503/568] [chromium-wide] › tests/v2-liff.spec.ts:480:5 › shows server-confirmed saving and success feedback without waiting for history reload
[504/568] [webkit-393] › tests/p1-c-navigation.spec.ts:41:5 › 32 UNKNOWN replay remains bound to original Ledger body and key
[505/568] [webkit-393] › tests/p1-c-races.spec.ts:61:7 › A-B-A late categories success stays in its generation
[506/568] [chromium-wide] › tests/v2-liff.spec.ts:504:5 › keeps uncommon transaction choices behind more settings
[507/568] [chromium-wide] › tests/v2-liff.spec.ts:526:5 › uses continuous balance language for either payer and balanced state
[508/568] [webkit-393] › tests/p1-c-navigation.spec.ts:42:5 › 33 latest pending destination wins without queued switches
[509/568] [chromium-wide] › tests/v2-liff.spec.ts:537:5 › keeps the daily UI usable on a narrow mobile viewport
[510/568] [webkit-393] › tests/p1-c-races.spec.ts:61:7 › A-B-A late categories failure stays in its generation
[511/568] [webkit-393] › tests/p1-c-navigation.spec.ts:43:76 › 34 popstate dirty cancel restores truth without activation
[512/568] [webkit-393] › tests/p1-c-races.spec.ts:61:7 › A-B-A late recurring success stays in its generation
[513/568] [chromium-wide] › tests/v2-liff.spec.ts:554:5 › keeps voided transactions distinct in the mobile history
[514/568] [webkit-393] › tests/p1-c-navigation.spec.ts:43:76 › 35 popstate dirty accept restores truth without activation
[515/568] [webkit-393] › tests/p1-c-races.spec.ts:61:7 › A-B-A late recurring failure stays in its generation
[516/568] [chromium-wide] › tests/v2-liff.spec.ts:565:5 › uses the canonical save response without reloading the Ledger

[WebServer] (node:13906) Warning: The 'NO_COLOR' env is ignored due to the 'FORCE_COLOR' env being set.
[WebServer] (Use `node --trace-warnings ...` to show where the warning was created)
[517/568] [webkit-393] › tests/p1-c-navigation.spec.ts:44:5 › 36 repeated Back and Forward do not loop or inflate history
[518/568] [chromium-wide] › tests/v2-liff.spec.ts:574:5 › keeps the draft on a rejected POST and does not add a local row
[519/568] [webkit-393] › tests/p1-c-races.spec.ts:61:7 › A-B-A late statistics success stays in its generation
[520/568] [chromium-wide] › tests/v2-liff.spec.ts:586:5 › reuses the idempotency key on an unchanged retry
[521/568] [webkit-393] › tests/p1-c-navigation.spec.ts:45:5 › 37 late activation and secondary errors cannot contaminate newer Ledger
[522/568] [webkit-393] › tests/p1-c-races.spec.ts:61:7 › A-B-A late statistics failure stays in its generation
[523/568] [chromium-wide] › tests/v2-liff.spec.ts:600:5 › keeps a committed transaction out of a nonmatching search projection
[524/568] [webkit-393] › tests/p1-c-navigation.spec.ts:46:5 › 38 Escape equals visible cancel and host never stacks dialogs
[525/568] [webkit-393] › tests/p1-c-races.spec.ts:61:7 › A-B-A late history success stays in its generation
[526/568] [chromium-wide] › tests/v2-liff.spec.ts:640:5 › V3-0 ignores reversed bootstrap responses after explicit draft discard
[527/568] [webkit-393] › tests/p1-c-navigation.spec.ts:47:5 › 39 native dialog labels traps background and restores Ledger trigger focus
[528/568] [chromium-wide] › tests/v2-liff.spec.ts:663:5 › V3-0 rapid A B A switches ignore the first A generation and stale errors
[529/568] [webkit-393] › tests/p1-c-races.spec.ts:61:7 › A-B-A late history failure stays in its generation
[530/568] [webkit-393] › tests/p1-c-navigation.spec.ts:48:5 › 40 per-Ledger Home scroll restores A to B to A
[531/568] [chromium-wide] › tests/v2-liff.spec.ts:682:7 › V3-0 ignores reversed statistics responses across Ledgers
[532/568] [webkit-393] › tests/p1-c-navigation.spec.ts:49:5 › 41 Search query does not carry from A into B
[533/568] [webkit-393] › tests/p1-c-races.spec.ts:91:5 › same-ledger Detail identity change cannot reuse previous attachments
[534/568] [webkit-393] › tests/p1-c-navigation.spec.ts:50:5 › 42 proposal compatibility remains reachable without claimed Ledger ownership
[535/568] [chromium-wide] › tests/v2-liff.spec.ts:682:7 › V3-0 ignores reversed categories responses across Ledgers
[536/568] [webkit-393] › tests/p1-c-races.spec.ts:101:5 › search failure is visible on Search and absent after leaving its scope
[537/568] [webkit-393] › tests/p1-c-navigation.spec.ts:51:5 › 43 200 percent text has no body overflow and important controls remain 44px
[538/568] [chromium-wide] › tests/v2-liff.spec.ts:682:7 › V3-0 ignores reversed recurring responses across Ledgers
[539/568] [webkit-393] › tests/p1-c-navigation.spec.ts:52:5 › 44 reduced motion retains native focus and navigation
[540/568] [webkit-393] › tests/p1-c-races.spec.ts:110:5 › same-ledger proposal compatibility responses stay with their proposal id
[541/568] [webkit-393] › tests/p1-c-races.spec.ts:122:52 › popstate while SUBMITTING keeps original scope and sends no destination request
[542/568] [webkit-393] › tests/p1-c-navigation.spec.ts:54:5 › 45 browser Back restores the original transaction row focus
[543/568] [chromium-wide] › tests/v2-liff.spec.ts:682:7 › V3-0 ignores reversed transactions responses across Ledgers
[544/568] [webkit-393] › tests/p1-c-navigation.spec.ts:61:5 › 46 dirty discard into a secondary surface focuses heading after dialog closes
[545/568] [webkit-393] › tests/p1-c-races.spec.ts:122:52 › popstate while UNKNOWN keeps original scope and sends no destination request
[546/568] [chromium-wide] › tests/v2-liff.spec.ts:710:5 › V3-0 switching Ledger after a deep link stays on the manual selection
[547/568] [webkit-393] › tests/p1-c-races.spec.ts:139:5 › late refresh and background resume do not steal editing focus
[548/568] [webkit-393] › tests/p1-c-navigation.spec.ts:69:5 › 47 amount and purpose closing guard cancels without losing input
[549/568] [chromium-wide] › tests/v2-liff.spec.ts:728:5 › V3-0 guards a late A save, then explicit discard cannot reuse A feedback or key in B
[550/568] [webkit-393] › tests/p1-c-races.spec.ts:150:49 › 收支概況 Back restores Home scroll; reload resets it
[551/568] [webkit-393] › tests/p1-c-navigation.spec.ts:79:5 › 48 UNKNOWN latest destination survives replay and replaces initial deep-link intent
[552/568] [chromium-wide] › tests/v2-liff.spec.ts:761:40 › P1-B normal create performance sample
[553/568] [webkit-393] › tests/p1-c-races.spec.ts:150:49 › 帳本設定 Back restores Home scroll; reload resets it
[554/568] [webkit-393] › tests/p1-c-navigation.spec.ts:91:5 › 49 committed recovery awaiting A read permits B without hydrating A into B
[555/568] [webkit-393] › tests/p1-c-races.spec.ts:150:49 › 搜尋 Back restores Home scroll; reload resets it
[556/568] [webkit-393] › tests/p1-c-navigation.spec.ts:102:46 › 50 bootstrap 401 has a scoped recovery action
[557/568] [webkit-393] › tests/p1-c-navigation.spec.ts:102:46 › 50 bootstrap 403 has a scoped recovery action
[558/568] [webkit-393] › tests/p1-c-races.spec.ts:163:47 › unsaved setting 新增自訂分類 shares the leave host and preserves focus on cancel
[559/568] [webkit-393] › tests/p1-c-navigation.spec.ts:102:46 › 50 bootstrap 404 has a scoped recovery action
[560/568] [webkit-393] › tests/p1-c-navigation.spec.ts:102:46 › 50 bootstrap 500 has a scoped recovery action
[561/568] [webkit-393] › tests/p1-c-races.spec.ts:163:47 › unsaved setting 週期交易名稱 shares the leave host and preserves focus on cancel
[562/568] [webkit-393] › tests/p1-c-races.spec.ts:176:88 › stats read 401 offers the correct recovery action without changing Ledger preference
[563/568] [webkit-393] › tests/p1-c-races.spec.ts:176:88 › stats read 500 offers the correct recovery action without changing Ledger preference
[564/568] [webkit-393] › tests/p1-c-races.spec.ts:176:88 › recurring read 401 offers the correct recovery action without changing Ledger preference
[565/568] [webkit-393] › tests/p1-c-races.spec.ts:176:88 › recurring read 500 offers the correct recovery action without changing Ledger preference
[566/568] [webkit-393] › tests/p1-c-races.spec.ts:176:88 › search read 401 offers the correct recovery action without changing Ledger preference
[567/568] [webkit-393] › tests/p1-c-races.spec.ts:176:88 › search read 500 offers the correct recovery action without changing Ledger preference
[568/568] [webkit-393] › tests/p1-c-races.spec.ts:199:5 › stale app-origin row marker falls back to a surviving Home row
  568 passed (7.0m)
